\BOOKMARK [1][-]{section.1}{\376\377\000I\000n\000t\000r\000o\000d\000u\000c\000t\000i\000o\000n}{}% 1
\BOOKMARK [1][-]{section.2}{\376\377\000P\000a\000g\000e\000\040\000d\000'\000a\000c\000c\000u\000e\000i\000l}{}% 2
\BOOKMARK [1][-]{section.3}{\376\377\000I\000n\000s\000c\000r\000i\000p\000t\000i\000o\000n\000\040\000\050\000C\000r\000\351\000e\000r\000\040\000u\000n\000\040\000c\000o\000m\000p\000t\000e\000\051}{}% 3
\BOOKMARK [2][-]{subsection.3.1}{\376\377\000A\000c\000c\000\351\000d\000e\000r\000\040\000\340\000\040\000l\000a\000\040\000p\000a\000g\000e\000\040\000d\000'\000i\000n\000s\000c\000r\000i\000p\000t\000i\000o\000n}{section.3}% 4
\BOOKMARK [2][-]{subsection.3.2}{\376\377\000R\000e\000m\000p\000l\000i\000r\000\040\000l\000e\000\040\000f\000o\000r\000m\000u\000l\000a\000i\000r\000e\000\040\000d\000'\000i\000n\000s\000c\000r\000i\000p\000t\000i\000o\000n}{section.3}% 5
\BOOKMARK [2][-]{subsection.3.3}{\376\377\000V\000a\000l\000i\000d\000e\000r\000\040\000l\000'\000i\000n\000s\000c\000r\000i\000p\000t\000i\000o\000n}{section.3}% 6
\BOOKMARK [1][-]{section.4}{\376\377\000C\000o\000n\000n\000e\000x\000i\000o\000n\000\040\000\050\000S\000e\000\040\000c\000o\000n\000n\000e\000c\000t\000e\000r\000\051}{}% 7
\BOOKMARK [2][-]{subsection.4.1}{\376\377\000A\000c\000c\000\351\000d\000e\000r\000\040\000\340\000\040\000l\000a\000\040\000p\000a\000g\000e\000\040\000d\000e\000\040\000c\000o\000n\000n\000e\000x\000i\000o\000n}{section.4}% 8
\BOOKMARK [2][-]{subsection.4.2}{\376\377\000S\000a\000i\000s\000i\000r\000\040\000l\000e\000s\000\040\000i\000d\000e\000n\000t\000i\000f\000i\000a\000n\000t\000s}{section.4}% 9
\BOOKMARK [1][-]{section.5}{\376\377\000E\000s\000p\000a\000c\000e\000\040\000D\000\351\000v\000e\000l\000o\000p\000p\000e\000u\000r\000\040\040\023\000\040\000T\000a\000b\000l\000e\000a\000u\000\040\000d\000e\000\040\000b\000o\000r\000d}{}% 10
\BOOKMARK [2][-]{subsection.5.1}{\376\377\000C\000r\000\351\000e\000r\000\040\000u\000n\000\040\000n\000o\000u\000v\000e\000a\000u\000\040\000m\000a\000n\000u\000e\000l}{section.5}% 11
\BOOKMARK [2][-]{subsection.5.2}{\376\377\000G\000\351\000n\000\351\000r\000e\000r\000\040\000l\000e\000s\000\040\000\351\000t\000a\000p\000e\000s\000\040\000a\000u\000t\000o\000m\000a\000t\000i\000q\000u\000e\000m\000e\000n\000t\000\040\000a\000v\000e\000c\000\040\000l\000'\000I\000A}{section.5}% 12
\BOOKMARK [2][-]{subsection.5.3}{\376\377\000M\000o\000d\000i\000f\000i\000e\000r\000\040\000l\000e\000s\000\040\000\351\000t\000a\000p\000e\000s\000\040\000m\000a\000n\000u\000e\000l\000l\000e\000m\000e\000n\000t}{section.5}% 13
\BOOKMARK [2][-]{subsection.5.4}{\376\377\000C\000r\000\351\000e\000r\000\040\000u\000n\000\040\000q\000u\000i\000z\000\040\000p\000o\000u\000r\000\040\000u\000n\000e\000\040\000\351\000t\000a\000p\000e}{section.5}% 14
\BOOKMARK [2][-]{subsection.5.5}{\376\377\000P\000u\000b\000l\000i\000e\000r\000\040\000u\000n\000\040\000m\000a\000n\000u\000e\000l}{section.5}% 15
\BOOKMARK [2][-]{subsection.5.6}{\376\377\000E\000x\000p\000o\000r\000t\000e\000r\000\040\000u\000n\000\040\000m\000a\000n\000u\000e\000l\000\040\000e\000n\000\040\000P\000D\000F}{section.5}% 16
\BOOKMARK [2][-]{subsection.5.7}{\376\377\000A\000r\000c\000h\000i\000v\000e\000r\000\040\000e\000t\000\040\000r\000e\000s\000t\000a\000u\000r\000e\000r\000\040\000u\000n\000\040\000m\000a\000n\000u\000e\000l}{section.5}% 17
\BOOKMARK [1][-]{section.6}{\376\377\000E\000s\000p\000a\000c\000e\000\040\000U\000t\000i\000l\000i\000s\000a\000t\000e\000u\000r\000\040\000F\000i\000n\000a\000l\000\040\000\050\000E\000n\000d\000\040\000U\000s\000e\000r\000\051}{}% 18
\BOOKMARK [2][-]{subsection.6.1}{\376\377\000P\000a\000r\000c\000o\000u\000r\000i\000r\000\040\000l\000e\000s\000\040\000m\000a\000n\000u\000e\000l\000s\000\040\000d\000i\000s\000p\000o\000n\000i\000b\000l\000e\000s}{section.6}% 19
\BOOKMARK [2][-]{subsection.6.2}{\376\377\000S\000u\000i\000v\000r\000e\000\040\000u\000n\000\040\000t\000u\000t\000o\000r\000i\000e\000l\000\040\000\351\000t\000a\000p\000e\000\040\000p\000a\000r\000\040\000\351\000t\000a\000p\000e}{section.6}% 20
\BOOKMARK [2][-]{subsection.6.3}{\376\377\000R\000\351\000p\000o\000n\000d\000r\000e\000\040\000a\000u\000x\000\040\000q\000u\000i\000z}{section.6}% 21
\BOOKMARK [2][-]{subsection.6.4}{\376\377\000B\000a\000d\000g\000e\000s\000\040\000e\000t\000\040\000s\000y\000s\000t\000\350\000m\000e\000\040\000d\000e\000\040\000r\000\351\000c\000o\000m\000p\000e\000n\000s\000e\000s}{section.6}% 22
\BOOKMARK [2][-]{subsection.6.5}{\376\377\000C\000l\000a\000s\000s\000e\000m\000e\000n\000t\000\040\000\050\000L\000e\000a\000d\000e\000r\000b\000o\000a\000r\000d\000\051}{section.6}% 23
\BOOKMARK [1][-]{section.7}{\376\377\000S\000c\000\351\000n\000a\000r\000i\000o\000\040\000d\000e\000\040\000D\000\351\000m\000o\000n\000s\000t\000r\000a\000t\000i\000o\000n}{}% 24
\BOOKMARK [1][-]{section.8}{\376\377\000R\000\351\000c\000a\000p\000i\000t\000u\000l\000a\000t\000i\000f\000\040\000d\000e\000s\000\040\000f\000o\000n\000c\000t\000i\000o\000n\000n\000a\000l\000i\000t\000\351\000s}{}% 25
\BOOKMARK [1][-]{section.9}{\376\377\000C\000o\000n\000c\000l\000u\000s\000i\000o\000n}{}% 26
